 SQL> CREATE TABLE custdetails
  2  (
  3  Name VARCHAR(100),
  4  CustomerID VARCHAR(255),
  5  contactnumber NUMBER,
  6  Dateofjoining DATE,
  7  TrainerID NUMBER,
  8  PackageIDchoosen VARCHAR(255),
  9  DiscountIDifapplicable VARCHAR(255),
 10  Avgmonthlyfee NUMBER,
 11  Numberofmonthssubscribed NUMBER,
 12  Feepaymentstatus VARCHAR(255)
 13  );

Table created.

SQL> INSERT INTO custdetails VALUES('venkat',1005,9876543210,'3-Feb-2020',5555,'GOLD',500,2499,8,'PAID');

1 row created.

SQL> INSERT INTO custdetails VALUES('Vinay',1006,8639163967,'1-Jan-2020',6666,'SILVER',500,2400,8,'NOT PAID');

1 row created.

SQL> select * from custdetails;

NAME                                                                            
--------------------------------------------------------------------------------
CUSTOMERID                                                                      
--------------------------------------------------------------------------------
CONTACTNUMBER DATEOFJOI  TRAINERID                                              
------------- --------- ----------                                              
PACKAGEIDCHOOSEN                                                                
--------------------------------------------------------------------------------
DISCOUNTIDIFAPPLICABLE                                                          
--------------------------------------------------------------------------------
AVGMONTHLYFEE NUMBEROFMONTHSSUBSCRIBED                                          
------------- ------------------------                                          
FEEPAYMENTSTATUS                                                                
--------------------------------------------------------------------------------
venkat                                                                          

NAME                                                                            
--------------------------------------------------------------------------------
CUSTOMERID                                                                      
--------------------------------------------------------------------------------
CONTACTNUMBER DATEOFJOI  TRAINERID                                              
------------- --------- ----------                                              
PACKAGEIDCHOOSEN                                                                
--------------------------------------------------------------------------------
DISCOUNTIDIFAPPLICABLE                                                          
--------------------------------------------------------------------------------
AVGMONTHLYFEE NUMBEROFMONTHSSUBSCRIBED                                          
------------- ------------------------                                          
FEEPAYMENTSTATUS                                                                
--------------------------------------------------------------------------------
1005                                                                            

NAME                                                                            
--------------------------------------------------------------------------------
CUSTOMERID                                                                      
--------------------------------------------------------------------------------
CONTACTNUMBER DATEOFJOI  TRAINERID                                              
------------- --------- ----------                                              
PACKAGEIDCHOOSEN                                                                
--------------------------------------------------------------------------------
DISCOUNTIDIFAPPLICABLE                                                          
--------------------------------------------------------------------------------
AVGMONTHLYFEE NUMBEROFMONTHSSUBSCRIBED                                          
------------- ------------------------                                          
FEEPAYMENTSTATUS                                                                
--------------------------------------------------------------------------------
   9876543210 03-FEB-20       5555                                              

NAME                                                                            
--------------------------------------------------------------------------------
CUSTOMERID                                                                      
--------------------------------------------------------------------------------
CONTACTNUMBER DATEOFJOI  TRAINERID                                              
------------- --------- ----------                                              
PACKAGEIDCHOOSEN                                                                
--------------------------------------------------------------------------------
DISCOUNTIDIFAPPLICABLE                                                          
--------------------------------------------------------------------------------
AVGMONTHLYFEE NUMBEROFMONTHSSUBSCRIBED                                          
------------- ------------------------                                          
FEEPAYMENTSTATUS                                                                
--------------------------------------------------------------------------------
GOLD                                                                            

NAME                                                                            
--------------------------------------------------------------------------------
CUSTOMERID                                                                      
--------------------------------------------------------------------------------
CONTACTNUMBER DATEOFJOI  TRAINERID                                              
------------- --------- ----------                                              
PACKAGEIDCHOOSEN                                                                
--------------------------------------------------------------------------------
DISCOUNTIDIFAPPLICABLE                                                          
--------------------------------------------------------------------------------
AVGMONTHLYFEE NUMBEROFMONTHSSUBSCRIBED                                          
------------- ------------------------                                          
FEEPAYMENTSTATUS                                                                
--------------------------------------------------------------------------------
500                                                                             

NAME                                                                            
--------------------------------------------------------------------------------
CUSTOMERID                                                                      
--------------------------------------------------------------------------------
CONTACTNUMBER DATEOFJOI  TRAINERID                                              
------------- --------- ----------                                              
PACKAGEIDCHOOSEN                                                                
--------------------------------------------------------------------------------
DISCOUNTIDIFAPPLICABLE                                                          
--------------------------------------------------------------------------------
AVGMONTHLYFEE NUMBEROFMONTHSSUBSCRIBED                                          
------------- ------------------------                                          
FEEPAYMENTSTATUS                                                                
--------------------------------------------------------------------------------
         2499                        8                                          

NAME                                                                            
--------------------------------------------------------------------------------
CUSTOMERID                                                                      
--------------------------------------------------------------------------------
CONTACTNUMBER DATEOFJOI  TRAINERID                                              
------------- --------- ----------                                              
PACKAGEIDCHOOSEN                                                                
--------------------------------------------------------------------------------
DISCOUNTIDIFAPPLICABLE                                                          
--------------------------------------------------------------------------------
AVGMONTHLYFEE NUMBEROFMONTHSSUBSCRIBED                                          
------------- ------------------------                                          
FEEPAYMENTSTATUS                                                                
--------------------------------------------------------------------------------
PAID                                                                            

NAME                                                                            
--------------------------------------------------------------------------------
CUSTOMERID                                                                      
--------------------------------------------------------------------------------
CONTACTNUMBER DATEOFJOI  TRAINERID                                              
------------- --------- ----------                                              
PACKAGEIDCHOOSEN                                                                
--------------------------------------------------------------------------------
DISCOUNTIDIFAPPLICABLE                                                          
--------------------------------------------------------------------------------
AVGMONTHLYFEE NUMBEROFMONTHSSUBSCRIBED                                          
------------- ------------------------                                          
FEEPAYMENTSTATUS                                                                
--------------------------------------------------------------------------------
                                                                                

NAME                                                                            
--------------------------------------------------------------------------------
CUSTOMERID                                                                      
--------------------------------------------------------------------------------
CONTACTNUMBER DATEOFJOI  TRAINERID                                              
------------- --------- ----------                                              
PACKAGEIDCHOOSEN                                                                
--------------------------------------------------------------------------------
DISCOUNTIDIFAPPLICABLE                                                          
--------------------------------------------------------------------------------
AVGMONTHLYFEE NUMBEROFMONTHSSUBSCRIBED                                          
------------- ------------------------                                          
FEEPAYMENTSTATUS                                                                
--------------------------------------------------------------------------------
Vinay                                                                           

NAME                                                                            
--------------------------------------------------------------------------------
CUSTOMERID                                                                      
--------------------------------------------------------------------------------
CONTACTNUMBER DATEOFJOI  TRAINERID                                              
------------- --------- ----------                                              
PACKAGEIDCHOOSEN                                                                
--------------------------------------------------------------------------------
DISCOUNTIDIFAPPLICABLE                                                          
--------------------------------------------------------------------------------
AVGMONTHLYFEE NUMBEROFMONTHSSUBSCRIBED                                          
------------- ------------------------                                          
FEEPAYMENTSTATUS                                                                
--------------------------------------------------------------------------------
1006                                                                            

NAME                                                                            
--------------------------------------------------------------------------------
CUSTOMERID                                                                      
--------------------------------------------------------------------------------
CONTACTNUMBER DATEOFJOI  TRAINERID                                              
------------- --------- ----------                                              
PACKAGEIDCHOOSEN                                                                
--------------------------------------------------------------------------------
DISCOUNTIDIFAPPLICABLE                                                          
--------------------------------------------------------------------------------
AVGMONTHLYFEE NUMBEROFMONTHSSUBSCRIBED                                          
------------- ------------------------                                          
FEEPAYMENTSTATUS                                                                
--------------------------------------------------------------------------------
   8639163967 01-JAN-20       6666                                              

NAME                                                                            
--------------------------------------------------------------------------------
CUSTOMERID                                                                      
--------------------------------------------------------------------------------
CONTACTNUMBER DATEOFJOI  TRAINERID                                              
------------- --------- ----------                                              
PACKAGEIDCHOOSEN                                                                
--------------------------------------------------------------------------------
DISCOUNTIDIFAPPLICABLE                                                          
--------------------------------------------------------------------------------
AVGMONTHLYFEE NUMBEROFMONTHSSUBSCRIBED                                          
------------- ------------------------                                          
FEEPAYMENTSTATUS                                                                
--------------------------------------------------------------------------------
SILVER                                                                          

NAME                                                                            
--------------------------------------------------------------------------------
CUSTOMERID                                                                      
--------------------------------------------------------------------------------
CONTACTNUMBER DATEOFJOI  TRAINERID                                              
------------- --------- ----------                                              
PACKAGEIDCHOOSEN                                                                
--------------------------------------------------------------------------------
DISCOUNTIDIFAPPLICABLE                                                          
--------------------------------------------------------------------------------
AVGMONTHLYFEE NUMBEROFMONTHSSUBSCRIBED                                          
------------- ------------------------                                          
FEEPAYMENTSTATUS                                                                
--------------------------------------------------------------------------------
500                                                                             

NAME                                                                            
--------------------------------------------------------------------------------
CUSTOMERID                                                                      
--------------------------------------------------------------------------------
CONTACTNUMBER DATEOFJOI  TRAINERID                                              
------------- --------- ----------                                              
PACKAGEIDCHOOSEN                                                                
--------------------------------------------------------------------------------
DISCOUNTIDIFAPPLICABLE                                                          
--------------------------------------------------------------------------------
AVGMONTHLYFEE NUMBEROFMONTHSSUBSCRIBED                                          
------------- ------------------------                                          
FEEPAYMENTSTATUS                                                                
--------------------------------------------------------------------------------
         2400                        8                                          

NAME                                                                            
--------------------------------------------------------------------------------
CUSTOMERID                                                                      
--------------------------------------------------------------------------------
CONTACTNUMBER DATEOFJOI  TRAINERID                                              
------------- --------- ----------                                              
PACKAGEIDCHOOSEN                                                                
--------------------------------------------------------------------------------
DISCOUNTIDIFAPPLICABLE                                                          
--------------------------------------------------------------------------------
AVGMONTHLYFEE NUMBEROFMONTHSSUBSCRIBED                                          
------------- ------------------------                                          
FEEPAYMENTSTATUS                                                                
--------------------------------------------------------------------------------
NOT PAID                                                                        

NAME                                                                            
--------------------------------------------------------------------------------
CUSTOMERID                                                                      
--------------------------------------------------------------------------------
CONTACTNUMBER DATEOFJOI  TRAINERID                                              
------------- --------- ----------                                              
PACKAGEIDCHOOSEN                                                                
--------------------------------------------------------------------------------
DISCOUNTIDIFAPPLICABLE                                                          
--------------------------------------------------------------------------------
AVGMONTHLYFEE NUMBEROFMONTHSSUBSCRIBED                                          
------------- ------------------------                                          
FEEPAYMENTSTATUS                                                                
--------------------------------------------------------------------------------
                                                                                

SQL> UPDATE custdetails
  2  SET TrainerID = '9999'
  3  WHERE TrainerID = '5555';

1 row updated.

SQL> DELETE FROM custdetails
  2  WHERE contactnumber = '7653962058'
  3  OR TrainerID = '6666';

1 row deleted.

SQL> Spool off
